// Jest Snapshot v1, https://goo.gl/fbAQLP

exports[`src/pages/CheckIn.tsx matches snapshot 1`] = `
Array [
  <div
    aria-hidden={true}
    className="MuiBackdrop-root css-sox5kk-MuiBackdrop-root"
    style={
      Object {
        "opacity": 0,
        "visibility": "hidden",
        "zIndex": 1,
      }
    }
  >
    <span
      className="MuiCircularProgress-root MuiCircularProgress-indeterminate MuiCircularProgress-colorInherit css-62e83j-MuiCircularProgress-root"
      role="progressbar"
      style={
        Object {
          "height": 50,
          "width": 50,
        }
      }
    >
      <svg
        className="MuiCircularProgress-svg css-1idz92c-MuiCircularProgress-svg"
        viewBox="22 22 44 44"
      >
        <circle
          className="MuiCircularProgress-circle MuiCircularProgress-circleIndeterminate css-176wh8e-MuiCircularProgress-circle"
          cx={44}
          cy={44}
          fill="none"
          r={20.2}
          strokeWidth={3.6}
          style={Object {}}
        />
      </svg>
    </span>
  </div>,
  <div
    className="wrap"
  >
    <div
      className="item"
    >
      <span
        className="title"
      >
        개포
        <span
          className="count"
        >
          <span
            data-testid="개포-cadet-count"
          >
            0
             / 
            0
          </span>
        </span>
        <div
          className="circle green"
          role="status"
        />
      </span>
    </div>
    <div
      className="item"
    >
      <span
        className="title"
      >
        서초
        <span
          className="count"
        >
          <span
            data-testid="서초-cadet-count"
          >
            0
             / 
            0
          </span>
        </span>
        <div
          className="circle green"
          role="status"
        />
      </span>
    </div>
  </div>,
  <div
    className="card-wrapper front"
  >
    <div
      className="profileCard"
    >
      <img
        alt="logo"
        className="logo"
        src="42-logo-black.png"
      />
      <div
        className="util-box"
      >
        <svg
          aria-hidden={true}
          className="MuiSvgIcon-root MuiSvgIcon-fontSizeMedium css-i4bv87-MuiSvgIcon-root"
          data-testid="flip-button"
          focusable="false"
          onClick={[Function]}
          viewBox="0 0 24 24"
        >
          <path
            d="M3 13h2v-2H3v2zm0 4h2v-2H3v2zm0-8h2V7H3v2zm4 4h14v-2H7v2zm0 4h14v-2H7v2zM7 7v2h14V7H7z"
          />
        </svg>
      </div>
      <div
        className="profile-wrapper"
      >
        <img
          alt="profile"
          className="profile"
          src="user-default.png"
        />
        <h2
          className="userId"
        >
          
        </h2>
      </div>
      <hr
        className="divider"
      />
      <div
        className="box"
      >
        <p>
           클러스터 운영시간: 
          
        </p>
        <p>
           인포데스크 점심시간 
          
        </p>
      </div>
      <form
        className="check-in-form"
        onSubmit={[Function]}
      >
        <input
          className="cardNumber"
          inputMode="decimal"
          min={1}
          onChange={[Function]}
          placeholder="카드 번호"
          step={1}
          tabIndex={0}
          type="number"
          value=""
        />
        <div
          className="checkWrap"
        >
          <label
            className="text"
          >
            <input
              checked={false}
              className="checkbox"
              onChange={[Function]}
              type="checkbox"
            />
            방역수칙에 동의하고 입장합니다.
          </label>
          <button
            className="checkDetail"
            onClick={[Function]}
            type="button"
          >
            자세히
          </button>
        </div>
        <button
          className="button green"
          color="green"
          disabled={true}
          type="submit"
        >
          CHECK IN
        </button>
      </form>
    </div>
    <div
      className="time-log-wrapper"
    >
      <div
        className="time-log-header"
      >
        <h4
          className="time-log-title"
        >
          클러스터 로그
        </h4>
        <p
          className="time-log-subtitle"
        >
          체크인 시각: 
          
        </p>
      </div>
      <div
        className="util-box"
      >
        <svg
          aria-hidden={true}
          className="MuiSvgIcon-root MuiSvgIcon-fontSizeMedium css-i4bv87-MuiSvgIcon-root"
          data-testid="AccountBoxIcon"
          focusable="false"
          onClick={[Function]}
          viewBox="0 0 24 24"
        >
          <path
            d="M3 5v14c0 1.1.89 2 2 2h14c1.1 0 2-.9 2-2V5c0-1.1-.9-2-2-2H5c-1.11 0-2 .9-2 2zm12 4c0 1.66-1.34 3-3 3s-3-1.34-3-3 1.34-3 3-3 3 1.34 3 3zm-9 8c0-2 4-3.1 6-3.1s6 1.1 6 3.1v1H6v-1z"
          />
        </svg>
      </div>
      <li
        className="log-data-header"
      >
        <div>
          날짜
        </div>
        <div>
          이용 시간
        </div>
      </li>
      <hr
        className="divider"
      />
      <ul
        className="log-data-wrapper"
      />
    </div>
  </div>,
]
`;
