// Jest Snapshot v1, https://goo.gl/fbAQLP

exports[`src/pages/End.tsx matches snapshot 1`] = `
<div
  className="text-wrapper"
>
  <h1
    className="ending-text"
  >
    Complete!
  </h1>
</div>
`;
