// Jest Snapshot v1, https://goo.gl/fbAQLP

exports[`src/components/TimeLogCard.tsx matches snapshot 1`] = `
<div
  className="time-log-wrapper"
>
  <div
    className="time-log-header"
  >
    <h4
      className="time-log-title"
    >
      클러스터 로그
    </h4>
    <p
      className="time-log-subtitle"
    >
      체크인 시각: 
      
    </p>
  </div>
  <div
    className="util-box"
  >
    <svg
      aria-hidden={true}
      className="MuiSvgIcon-root MuiSvgIcon-fontSizeMedium css-i4bv87-MuiSvgIcon-root"
      data-testid="AccountBoxIcon"
      focusable="false"
      onClick={[MockFunction]}
      viewBox="0 0 24 24"
    >
      <path
        d="M3 5v14c0 1.1.89 2 2 2h14c1.1 0 2-.9 2-2V5c0-1.1-.9-2-2-2H5c-1.11 0-2 .9-2 2zm12 4c0 1.66-1.34 3-3 3s-3-1.34-3-3 1.34-3 3-3 3 1.34 3 3zm-9 8c0-2 4-3.1 6-3.1s6 1.1 6 3.1v1H6v-1z"
      />
    </svg>
  </div>
  <li
    className="log-data-header"
  >
    <div>
      날짜
    </div>
    <div>
      이용 시간
    </div>
  </li>
  <hr
    className="divider"
  />
  <ul
    className="log-data-wrapper"
  />
</div>
`;
